stm32l1xx_it.c:83:6:NMI_Handler	4	static
stm32l1xx_it.c:96:6:HardFault_Handler	8	static
stm32l1xx_it.c:112:6:MemManage_Handler	4	static
stm32l1xx_it.c:127:6:BusFault_Handler	4	static
stm32l1xx_it.c:142:6:UsageFault_Handler	4	static
stm32l1xx_it.c:157:6:SVC_Handler	4	static
stm32l1xx_it.c:170:6:DebugMon_Handler	4	static
stm32l1xx_it.c:183:6:PendSV_Handler	4	static
stm32l1xx_it.c:196:6:SysTick_Handler	8	static
stm32l1xx_it.c:217:6:EXTI0_IRQHandler	8	static,ignoring_inline_asm
stm32l1xx_it.c:246:6:EXTI1_IRQHandler	8	static,ignoring_inline_asm
stm32l1xx_it.c:271:6:EXTI2_IRQHandler	8	static,ignoring_inline_asm
stm32l1xx_it.c:295:6:DMA1_Channel1_IRQHandler	8	static
stm32l1xx_it.c:308:6:EXTI9_5_IRQHandler	8	static
stm32l1xx_it.c:326:6:USART2_IRQHandler	8	static
stm32l1xx_it.c:340:6:EXTI15_10_IRQHandler	16	static
stm32l1xx_it.c:375:6:TIM6_IRQHandler	8	static
stm32l1xx_it.c:420:6:TIM7_IRQHandler	64	static
